%!Adobe-FontList 1.24
%Locale:0x409

%BeginFont
Handler:DirectoryHandler
FontType:TrueType
FontName:CenturyGothic
FamilyName:Century Gothic
StyleName:Regular
FullName:Century Gothic
MenuName:Century Gothic
StyleBits:0
WritingScript:Roman
OutlineFileName:F:\Portfolio\2025-12-30_Princeton\Princeton Full-Portfolio Folder\Document fonts\GOTHIC.TTF
DataFormat:sfntData
hasSVG:no
hasCOLR:no
VariableFontType:NonVariableFont
FileLength:137568
FileModTime:1438248472
WeightClass:400
WidthClass:5
AngleClass:0
NameArray:0,Mac,4,Century Gothic
NameArray:0,Win,1,Century Gothic
%EndFont

%BeginFont
Handler:DirectoryHandler
FontType:TrueType
FontName:CenturyGothic-Bold
FamilyName:Century Gothic
StyleName:Bold
FullName:Century Gothic Bold
MenuName:Century Gothic
StyleBits:2
WritingScript:Roman
OutlineFileName:F:\Portfolio\2025-12-30_Princeton\Princeton Full-Portfolio Folder\Document fonts\GOTHICB.TTF
DataFormat:sfntData
hasSVG:no
hasCOLR:no
VariableFontType:NonVariableFont
FileLength:129676
FileModTime:1438248472
WeightClass:700
WidthClass:5
AngleClass:0
NameArray:0,Mac,4,Century Gothic Bold
NameArray:0,Win,1,Century Gothic
%EndFont

%BeginFont
Handler:DirectoryHandler
FontType:Type1
FontName:MinionPro-Regular
FamilyName:Minion Pro
StyleName:Regular
FullName:Minion Pro
MenuName:Minion Pro
StyleBits:0
WritingScript:Roman
OutlineFileName:F:\Portfolio\2025-12-30_Princeton\Princeton Full-Portfolio Folder\Document fonts\MinionPro-Regular.otf
DataFormat:sfntData
UsesStandardEncoding:yes
isCFF:yes
hasSVG:no
hasCOLR:no
VariableFontType:NonVariableFont
FileLength:231312
FileModTime:1665525000
WeightClass:400
WidthClass:5
AngleClass:0
DesignSize:110
NameArray:0,Mac,4,Minion Pro
NameArray:0,Win,1,Minion Pro
%EndFont

%BeginFont
Handler:DirectoryHandler
FontType:Type1
FontName:MinionVariableConcept-Italic
FamilyName:Minion Variable Concept
StyleName:Italic
FullName:Minion Variable Concept Italic
MenuName:Minion Variable Concept
FamilyPrefix:MinionConceptItalic
StyleBits:1
WritingScript:Roman
OutlineFileName:F:\Portfolio\2025-12-30_Princeton\Princeton Full-Portfolio Folder\Document fonts\MinionVariableConcept-Italic.otf
DataFormat:sfntData
UsesStandardEncoding:yes
isCFF:yes
hasSVG:no
hasCOLR:no
VariableFontType:CFF2VariableFont
FileLength:209728
FileModTime:1750714145
WeightClass:400
WidthClass:5
AngleClass:1
NameArray:0,Win,1,Minion Variable Concept
%EndFont

%BeginFont
Handler:DirectoryHandler
FontType:Type1
FontName:MinionVariableConcept-Roman
FamilyName:Minion Variable Concept
StyleName:Roman
FullName:Minion Variable Concept Roman
MenuName:Minion Variable Concept
FamilyPrefix:MinionConceptRoman
StyleBits:0
WritingScript:Roman
OutlineFileName:F:\Portfolio\2025-12-30_Princeton\Princeton Full-Portfolio Folder\Document fonts\MinionVariableConcept-Roman.otf
DataFormat:sfntData
UsesStandardEncoding:yes
isCFF:yes
hasSVG:no
hasCOLR:no
VariableFontType:CFF2VariableFont
FileLength:298864
FileModTime:1750714147
WeightClass:400
WidthClass:5
AngleClass:0
NameArray:0,Win,1,Minion Variable Concept
%EndFont

%BeginFont
Handler:DirectoryHandler
FontType:Type1
FontName:POMOTECTANALOGBold
FamilyName:POMO-TECT ANALOG
StyleName:Bold
FullName:POMO-TECT ANALOG Bold
MenuName:POMO-TECT ANALOG
StyleBits:2
WritingScript:Roman
OutlineFileName:F:\Portfolio\2025-12-30_Princeton\Princeton Full-Portfolio Folder\Document fonts\POSTMODERN TECTONICS - ANALOG (BOLD).otf
DataFormat:sfntData
UsesStandardEncoding:yes
isCFF:yes
hasSVG:no
hasCOLR:no
VariableFontType:NonVariableFont
FileLength:63024
FileModTime:1727544586
WeightClass:700
WidthClass:5
AngleClass:0
NameArray:0,Mac,4,POMO-TECT ANALOG Bold
NameArray:0,Win,1,POMO-TECT ANALOG
NameArray:0,Win,16,POMO-TECT ANALOG
%EndFont

%BeginFont
Handler:DirectoryHandler
FontType:Type1
FontName:POMOTECTANALOGRegular
FamilyName:POMO-TECT ANALOG
StyleName:Regular
FullName:POMO-TECT ANALOG
MenuName:POMO-TECT ANALOG
StyleBits:0
WritingScript:Roman
OutlineFileName:F:\Portfolio\2025-12-30_Princeton\Princeton Full-Portfolio Folder\Document fonts\POSTMODERN TECTONICS - ANALOG.otf
DataFormat:sfntData
UsesStandardEncoding:yes
isCFF:yes
hasSVG:no
hasCOLR:no
VariableFontType:NonVariableFont
FileLength:51056
FileModTime:1727544327
WeightClass:400
WidthClass:5
AngleClass:0
NameArray:0,Mac,4,POMO-TECT ANALOG
NameArray:0,Win,1,POMO-TECT ANALOG
NameArray:0,Win,16,POMO-TECT ANALOG
%EndFont

%BeginFont
Handler:DirectoryHandler
FontType:TrueType
FontName:ArialMT
FamilyName:Arial
StyleName:Regular
FullName:Arial
MenuName:Arial
StyleBits:0
WritingScript:Roman
OutlineFileName:F:\Portfolio\2025-12-30_Princeton\Princeton Full-Portfolio Folder\Document fonts\arial.ttf
DataFormat:sfntData
hasSVG:no
hasCOLR:no
VariableFontType:NonVariableFont
FileLength:1036584
FileModTime:1575709706
WeightClass:400
WidthClass:5
AngleClass:0
NameArray:0,Mac,4,Arial
NameArray:0,Win,1,Arial
%EndFont

%BeginFont
Handler:DirectoryHandler
FontType:TrueType
FontName:Consolas
FamilyName:Consolas
StyleName:Regular
FullName:Consolas
MenuName:Consolas
StyleBits:0
WritingScript:Roman
OutlineFileName:F:\Portfolio\2025-12-30_Princeton\Princeton Full-Portfolio Folder\Document fonts\consola.ttf
DataFormat:sfntData
hasSVG:no
hasCOLR:no
VariableFontType:NonVariableFont
FileLength:459180
FileModTime:1575709717
WeightClass:400
WidthClass:5
AngleClass:0
NameArray:0,Mac,4,Consolas
NameArray:0,Win,1,Consolas
%EndFont

%BeginFont
Handler:DirectoryHandler
FontType:TrueType
FontName:TimesNewRomanPSMT
FamilyName:Times New Roman
StyleName:Regular
FullName:Times New Roman
MenuName:Times New Roman
StyleBits:0
WritingScript:Roman
OutlineFileName:F:\Portfolio\2025-12-30_Princeton\Princeton Full-Portfolio Folder\Document fonts\times.ttf
DataFormat:sfntData
hasSVG:no
hasCOLR:no
VariableFontType:NonVariableFont
FileLength:1195688
FileModTime:1575709707
WeightClass:400
WidthClass:5
AngleClass:0
NameArray:0,Mac,4,Times New Roman
NameArray:0,Win,1,Times New Roman
%EndFont

